// Jest Snapshot v1, https://goo.gl/fbAQLP

exports[`Testing individualEntry Component should match snapshot 1`] = `
<div class="entry-container mb-3 pointer p-2">
  <!-- titol -->
  <div class="entry-title d-flex"><span class="text-success fs-5 fw-bold">18</span><span class="mx-1 fs-5">Juliol</span><span class="mx-2 fw-light">2021, Diumenge</span></div>
  <div class="entry-description">Aliquam tristique erat massa, at commodo mauris vulputate vel. Aenean ut tincidunt magna, quis bibendum risus. Etiam dignissim, ip...</div>
</div>
`;
